[2026-06-03 11:39:31] [admin] [admin] [LOGIN] [SUCCESS]
[2026-06-03 11:41:11] [admin] [admin] [LOGIN] [FAIL_WRONG_PASSWORD_1]
[2026-06-03 11:41:25] [admin] [admin] [LOGIN] [SUCCESS]
[2026-06-03 11:42:12] [admin] [admin] [SAVE_DRINK] [FAIL_invalid literal for int() with base 10: '0.500']
[2026-06-03 11:42:17] [admin] [admin] [CREATE_DRINK] [SUCCESS]
[2026-06-03 11:42:34] [admin] [admin] [UPDATE_DRINK] [SUCCESS]
[2026-06-03 11:42:56] [admin] [admin] [CREATE_DRINK] [SUCCESS]
[2026-06-03 12:10:23] [admin] [admin] [LOGIN] [SUCCESS]
[2026-06-03 12:11:09] [admin] [admin] [CREATE_DRINK] [SUCCESS]
[2026-06-03 12:13:39] [admin] [admin] [LOGOUT] [SUCCESS]
[2026-06-03 12:14:01] [admin] [admin] [LOGIN] [SUCCESS]
[2026-06-03 12:22:51] [admin] [admin] [CREATE_CAFE] [SUCCESS]
[2026-06-03 12:23:50] [admin] [admin] [CREATE_EMPLOYEE] [SUCCESS]
[2026-06-03 12:24:27] [admin] [admin] [LOGOUT] [SUCCESS]
[2026-06-03 12:24:48] [admin] [admin] [LOGIN] [SUCCESS]
[2026-06-03 12:27:00] [admin] [admin] [LOGOUT] [SUCCESS]
[2026-06-03 12:32:50] [Uprav] [barista] [REGISTER] [SUCCESS]
[2026-06-03 12:33:04] [uprav] [unknown] [LOGIN] [FAIL_USER_NOT_FOUND]
[2026-06-03 12:33:15] [Uprav] [barista] [LOGIN] [FAIL_WRONG_PASSWORD_1]
[2026-06-03 12:34:28] [Uprav] [barista] [LOGIN] [FAIL_WRONG_PASSWORD_2]
[2026-06-03 12:34:39] [Uprav] [barista] [LOGIN] [SUCCESS]
[2026-06-03 12:43:53] [Uprav] [barista] [LOGIN] [SUCCESS]
